0 verbose cli /usr/local/bin/node /usr/local/lib/node_modules/npm/bin/npm-cli.js
1 info using npm@10.9.2
2 info using node@v22.17.0
3 silly config load:file:/usr/local/lib/node_modules/npm/npmrc
4 silly config load:file:/Users/allanyde/Documents/GitHub/DeskGame/.npmrc
5 silly config load:file:/Users/allanyde/.npmrc
6 silly config load:file:/usr/local/etc/npmrc
7 verbose title npm exec tsc --noEmit
8 verbose argv "exec" "--yes" "--package" "typescript" "--" "tsc" "--noEmit"
9 verbose logfile logs-max:10 dir:/Users/allanyde/Documents/GitHub/DeskGame/.npm-cache/_logs/2026-08-31T19_18_26_640Z-
10 verbose logfile /Users/allanyde/Documents/GitHub/DeskGame/.npm-cache/_logs/2026-08-31T19_18_26_640Z-debug-0.log
11 silly logfile start cleaning logs, removing 1 files
12 silly packumentCache heap:4345298944 maxSize:1086324736 maxEntrySize:543162368
13 silly logfile done cleaning log files
14 http fetch GET 200 https://registry.npmjs.org/typescript 126ms (cache revalidated)
15 silly packumentCache heap:4345298944 maxSize:1086324736 maxEntrySize:543162368
16 verbose cwd /Users/allanyde/Documents/GitHub/DeskGame
17 verbose os Darwin 25.4.0
18 verbose node v22.17.0
19 verbose npm  v10.9.2
20 verbose exit 1
21 verbose code 1
