0 verbose cli /usr/local/bin/node /usr/local/lib/node_modules/npm/bin/npm-cli.js
1 info using npm@10.9.2
2 info using node@v22.17.0
3 silly config load:file:/usr/local/lib/node_modules/npm/npmrc
4 silly config load:file:/Users/allanyde/Documents/GitHub/DeskGame/.npmrc
5 silly config load:file:/Users/allanyde/.npmrc
6 silly config load:file:/usr/local/etc/npmrc
7 verbose title npm exec typescript@5.4.5 tsc --noEmit -p .
8 verbose argv "exec" "--yes" "--" "typescript@5.4.5" "tsc" "--noEmit" "-p" "."
9 verbose logfile logs-max:10 dir:/Users/allanyde/Documents/GitHub/DeskGame/.npm-cache/_logs/2026-07-14T18_31_37_291Z-
10 verbose logfile /Users/allanyde/Documents/GitHub/DeskGame/.npm-cache/_logs/2026-07-14T18_31_37_291Z-debug-0.log
11 silly logfile done cleaning log files
12 silly packumentCache heap:4345298944 maxSize:1086324736 maxEntrySize:543162368
13 http fetch GET 200 https://registry.npmjs.org/npm 304ms
14 http fetch GET 200 https://registry.npmjs.org/typescript 397ms (cache miss)
15 verbose stack Error: could not determine executable to run
15 verbose stack     at getBinFromManifest (/usr/local/lib/node_modules/npm/node_modules/libnpmexec/lib/get-bin-from-manifest.js:17:23)
15 verbose stack     at exec (/usr/local/lib/node_modules/npm/node_modules/libnpmexec/lib/index.js:202:15)
15 verbose stack     at async Npm.exec (/usr/local/lib/node_modules/npm/lib/npm.js:207:9)
15 verbose stack     at async module.exports (/usr/local/lib/node_modules/npm/lib/cli/entry.js:74:5)
16 verbose pkgid typescript@5.4.5
17 error could not determine executable to run
18 verbose cwd /Users/allanyde/Documents/GitHub/DeskGame
19 verbose os Darwin 25.4.0
20 verbose node v22.17.0
21 verbose npm  v10.9.2
22 notice
22 notice New major version of npm available! 10.9.2 -> 12.0.1
22 notice Changelog: https://github.com/npm/cli/releases/tag/v12.0.1
22 notice To update run: npm install -g npm@12.0.1
22 notice  { force: true, [Symbol(proc-log.meta)]: true }
23 verbose exit 1
24 verbose code 1
25 error A complete log of this run can be found in: /Users/allanyde/Documents/GitHub/DeskGame/.npm-cache/_logs/2026-07-14T18_31_37_291Z-debug-0.log
